Processing: 12-edit.jpg
Embedded watermark into test_robust.png

--- Verification on PNG (Lossless) ---
Score (Correct Key): 5994437
Score (Wrong Key)  : 266567

--- Verification on Compressed JPG (Quality=50) ---
Score (Correct Key): 323791
Score (Wrong Key)  : 270177

Detection Ratio: 1.20x (should be > 5.0)
